error[E0107]: missing generics for trait `Hooks`
    --> $DIR/hooks_invalid_item.rs:12:18
     |
12   |     impl<T: Config> Hooks for Pallet<T> {}
     |                     ^^^^^ expected 1 type argument
     |
note: trait defined here, with 1 type parameter: `BlockNumber`
    --> $DIR/traits.rs:1938:11
     |
1938 | pub trait Hooks<BlockNumber> {
     |           ^^^^^ -----------
help: use angle brackets to add missing type argument
     |
12   |     impl<T: Config> Hooks<BlockNumber> for Pallet<T> {}
     |                          ^^^^^^^^^^^^^
